// Jest Snapshot v1, https://goo.gl/fbAQLP

exports[`H6 snapshots should render H6 1`] = `
<DocumentFragment>
  <h6
    class="Typography Typography--regular Typography--normal Typography--h6"
    data-test-text=""
  >
    H6
  </h6>
</DocumentFragment>
`;
