// Jest Snapshot v1, https://goo.gl/fbAQLP

exports[`AppInitializer snapshots should render AppInitializer 1`] = `
<DocumentFragment>
  App
</DocumentFragment>
`;
