// Jest Snapshot v1, https://goo.gl/fbAQLP

exports[`withRefreshReference snapshots should render component with refresh reference 1`] = `<DocumentFragment />`;
