// Jest Snapshot v1, https://goo.gl/fbAQLP

exports[`Icon snapshots should render Icon 1`] = `
<DocumentFragment>
  <svg
    class="IconUpOutlined"
    data-test-icon="icon-up-outlined"
    fill="none"
    height="16px"
    tabindex="-1"
    viewBox="64 64 896 896"
    width="16px"
  >
    <path
      class=""
      d="M890.5 755.3L537.9 269.2c-12.8-17.6-39-17.6-51.7 0L133.5 755.3A8 8 0 00140 768h75c5.1 0 9.9-2.5 12.9-6.6L512 369.8l284.1 391.6c3 4.1 7.8 6.6 12.9 6.6h75c6.5 0 10.3-7.4 6.5-12.7z"
      fill=""
    />
  </svg>
</DocumentFragment>
`;
