// Jest Snapshot v1, https://goo.gl/fbAQLP

exports[`Small snapshots should render Small 1`] = `
<DocumentFragment>
  <small
    class="Typography Typography--regular Typography--normal Typography--small"
    data-test-text=""
  >
    Small
  </small>
</DocumentFragment>
`;
